// Jest Snapshot v1, https://goo.gl/fbAQLP

exports[`output access output access 1`] = `
{
  "builds": {
    "dF+2veXbvQSwb9Gq8YU2Y43zYyw=": {
      "ctx": {
        "$ref": "U1wwAaqukwfarhkuFGe2QSaTdXY=",
        "kind": "context",
      },
      "spec": {
        "command": {
          "args": [
            "my command --in=",
            [
              {
                "kind": "output",
                "name": "inp",
              },
              {
                "kind": "output",
                "name": "files",
              },
              {
                "kind": "output",
                "name": "root",
              },
            ],
            " --out=",
            [
              {
                "kind": "output",
                "name": "out",
              },
              {
                "kind": "output",
                "name": "data",
              },
              {
                "kind": "output",
                "name": "a",
              },
              {
                "kind": "output",
                "name": "b",
              },
              {
                "kind": "output",
                "name": "c",
              },
            ],
          ],
          "shell": true,
        },
        "inout": {},
        "inp": {
          "files": [
            {
              "kind": "fileset",
              "path": [
                "src/**/*",
              ],
            },
          ],
        },
        "key": [],
        "out": {
          "data": [
            {
              "kind": "data",
              "schema": {
                "$schema": "http://json-schema.org/draft-07/schema#",
                "additionalProperties": false,
                "properties": {
                  "a": {
                    "additionalProperties": false,
                    "properties": {
                      "b": {
                        "additionalProperties": false,
                        "properties": {
                          "c": {
                            "type": "string",
                          },
                        },
                        "required": [
                          "c",
                        ],
                        "type": "object",
                      },
                    },
                    "required": [
                      "b",
                    ],
                    "type": "object",
                  },
                },
                "required": [
                  "a",
                ],
                "type": "object",
              },
            },
          ],
        },
        "ready": {},
      },
      "target": {
        "$ref": "XkvjJAqMr/OXcKRWsPK/hL6nSTA=",
        "kind": "target",
      },
    },
  },
  "contexts": {
    "U1wwAaqukwfarhkuFGe2QSaTdXY=": {
      "flags": {},
      "parent": undefined,
    },
  },
  "flags": {},
  "root": {
    "$ref": "dF+2veXbvQSwb9Gq8YU2Y43zYyw=",
    "kind": "build",
    "phase": "out",
  },
  "targets": {
    "XkvjJAqMr/OXcKRWsPK/hL6nSTA=": {
      "default": false,
      "name": "a",
      "package": "",
    },
  },
}
`;
