// Jest Snapshot v1, https://goo.gl/fbAQLP

exports[`output access output access 1`] = `
{
  "builds": {
    "7/iguxfh7Ckur+XvfEQ15ceBla0=": {
      "ctx": {
        "$ref": "U1wwAaqukwfarhkuFGe2QSaTdXY=",
        "kind": "context",
      },
      "spec": {
        "inout": {},
        "inp": {
          "a": [
            {
              "$ref": "bSjnkPV0CrfXnY7gS5I8FtbxzgU=",
              "kind": "build",
              "phase": "out",
            },
            {
              "kind": "output",
              "name": "data",
            },
            {
              "kind": "output",
              "name": "a",
            },
            {
              "kind": "output",
              "name": "b",
            },
            {
              "kind": "output",
              "name": "c",
            },
          ],
          "b": {
            "$ref": "bSjnkPV0CrfXnY7gS5I8FtbxzgU=",
            "kind": "build",
            "phase": "out",
          },
        },
        "key": [],
        "out": {
          "data": [
            {
              "kind": "data",
              "schema": {
                "$schema": "http://json-schema.org/draft-07/schema#",
                "additionalProperties": false,
                "properties": {
                  "a": {
                    "additionalProperties": false,
                    "properties": {
                      "b": {
                        "additionalProperties": false,
                        "properties": {
                          "c": {
                            "type": "string",
                          },
                        },
                        "required": [
                          "c",
                        ],
                        "type": "object",
                      },
                    },
                    "required": [
                      "b",
                    ],
                    "type": "object",
                  },
                },
                "required": [
                  "a",
                ],
                "type": "object",
              },
            },
          ],
        },
        "ready": {},
      },
      "target": {
        "$ref": "AjMsIC+6hQCH6YdKuj+nDMexa/g=",
        "kind": "target",
      },
    },
    "bSjnkPV0CrfXnY7gS5I8FtbxzgU=": {
      "ctx": {
        "$ref": "U1wwAaqukwfarhkuFGe2QSaTdXY=",
        "kind": "context",
      },
      "spec": {
        "inout": {},
        "inp": {
          "files": [
            {
              "kind": "fileset",
              "path": [
                "src/**/*",
              ],
            },
          ],
          "flag": "wasm",
        },
        "key": [],
        "out": {
          "data": [
            {
              "kind": "data",
              "schema": {
                "$schema": "http://json-schema.org/draft-07/schema#",
                "additionalProperties": false,
                "properties": {
                  "a": {
                    "additionalProperties": false,
                    "properties": {
                      "b": {
                        "additionalProperties": false,
                        "properties": {
                          "c": {
                            "type": "string",
                          },
                        },
                        "required": [
                          "c",
                        ],
                        "type": "object",
                      },
                    },
                    "required": [
                      "b",
                    ],
                    "type": "object",
                  },
                },
                "required": [
                  "a",
                ],
                "type": "object",
              },
            },
          ],
          "files": [
            {
              "kind": "fileset",
              "path": [
                "src/**/*",
              ],
            },
          ],
        },
        "ready": {},
      },
      "target": {
        "$ref": "2q8xjHgaUSKKhZNW3yeG5N1YGlQ=",
        "kind": "target",
      },
    },
  },
  "contexts": {
    "U1wwAaqukwfarhkuFGe2QSaTdXY=": {
      "flags": {
        "sFs/GELcRw6ylRmiRX3yyg27E08=": "wasm",
      },
      "parent": undefined,
    },
  },
  "flags": {
    "sFs/GELcRw6ylRmiRX3yyg27E08=": {
      "key": "flag",
      "package": "",
      "ty": {
        "allowed": [
          "wasm",
        ],
        "kind": "option",
      },
    },
  },
  "root": {
    "$ref": "7/iguxfh7Ckur+XvfEQ15ceBla0=",
    "kind": "build",
    "phase": "out",
  },
  "targets": {
    "2q8xjHgaUSKKhZNW3yeG5N1YGlQ=": {
      "default": false,
      "name": "a",
      "package": "",
    },
    "AjMsIC+6hQCH6YdKuj+nDMexa/g=": {
      "default": false,
      "name": "b",
      "package": "",
    },
  },
}
`;
